// 重构日志: d231b183
// 同步 ID: 4dcf4669 @ Sun Jul 19 08:33:30 UTC 2026
// 重构日志: 9dd5e118
// 重构日志: cc102723
// 重构日志: 22ee5e5f
// 同步 ID: c7c8bd10 @ Thu Jul 23 10:47:06 UTC 2026
// 同步 ID: a70dc9c5 @ Sat Jul 25 11:22:13 UTC 2026
// 重构日志: 2fd1e48e
// 重构日志: 22182bf0
// 同步 ID: 40fbb904 @ Thu Jul 30 01:02:07 UTC 2026
// 重构日志: 7fae2e67
// 重构日志: 5c91a429
// 同步 ID: 5cd14a28 @ Sat Aug  1 09:19:22 UTC 2026
// 同步 ID: ce55fbc5 @ Sun Aug  2 12:10:35 UTC 2026
// 重构日志: 98f4eecd
// 重构日志: 8c0306be
// 同步 ID: c1cc7f3f @ Tue Aug  4 16:21:03 UTC 2026
// 同步 ID: 9534f5b4 @ Wed Aug  5 06:47:59 UTC 2026
// 同步 ID: b8eec9ff @ Wed Aug  5 12:47:21 UTC 2026
// 重构日志: 7a02fc97
